
import { defaultOf } from "./fable_modules/fable-library-js.5.13.0/Util.js";
import { onMount } from "solid-js";

export function Test() {
    let htmlCanvas = defaultOf();
    onMount(() => {
        console.log(htmlCanvas.height + htmlCanvas.width);
    });
    return <div ref={(_arg) => {
            console.log("before mounted");
        }}>
        <canvas width={256}
            height={256}
            ref={htmlCanvas} />
    </div>;
}

