
import { createSignal } from "solid-js";

export function Test(x) {
    const patternInput = createSignal(x);
    return <h1>
        {(() => {
            const matchValue = patternInput[0]();
            if (matchValue.tag === 1) {
                const matchValue_1 = matchValue.fields[0]();
                return (matchValue_1.tag === 1) ? ((matchValue_1.fields[0]() < 0) ? <h3></h3> : <h1 id="id2"
                    abc="def">
                    {(matchValue_1.fields[0]() > 10) ? <h1 id="id1"></h1> : "Hello"}
                </h1>) : <h2>
                    Hello
                </h2>;
            }
            else {
                return <div bool:visible={true}></div>;
            }
        })()}
    </h1>;
}

